MPLINK 5.09, LINKER
Linker Map File - Created Mon Apr 29 14:49:01 2024

                                 Section Info
                  Section       Type    Address   Location Size(Bytes)
                ---------  ---------  ---------  ---------  ---------
                   .org_0       code   0x000000    program   0x000002
                   .cinit    romdata   0x000001    program   0x000004
                    PSECT       code   0x000003    program   0x0000ec
.config_2007_BUILD/DEFAULT/PRODUCTION/PRATICA       code   0x002007    program   0x000002



                              Program Memory Usage 
                               Start         End      
                           ---------   ---------      
                            0x000000    0x000078      
                            0x002007    0x002007      
            122 out of 1094 program addresses used, program memory utilization is 11%



                              Symbols - Sorted by Name
                     Name    Address   Location    Storage File                     
                ---------  ---------  ---------  --------- ---------                
                   ATRASO   0x00006b    program     static C:\Users\ozias\OneDrive\Documentos\Microcontroladores e Sistemas Embarcados - 2024S1\ATIVIDADES EM SALA - PR햀ICA\PRATICA-3-LED-DOURADOS-16F84A\PRATICA-3-LED-DOURADOS.X\PRATICA-3-LED-DOURADOS.asm
                   DELAY0   0x00006c    program     static C:\Users\ozias\OneDrive\Documentos\Microcontroladores e Sistemas Embarcados - 2024S1\ATIVIDADES EM SALA - PR햀ICA\PRATICA-3-LED-DOURADOS-16F84A\PRATICA-3-LED-DOURADOS.X\PRATICA-3-LED-DOURADOS.asm
                   DELAY1   0x00006e    program     static C:\Users\ozias\OneDrive\Documentos\Microcontroladores e Sistemas Embarcados - 2024S1\ATIVIDADES EM SALA - PR햀ICA\PRATICA-3-LED-DOURADOS-16F84A\PRATICA-3-LED-DOURADOS.X\PRATICA-3-LED-DOURADOS.asm
                   DELAY2   0x000070    program     static C:\Users\ozias\OneDrive\Documentos\Microcontroladores e Sistemas Embarcados - 2024S1\ATIVIDADES EM SALA - PR햀ICA\PRATICA-3-LED-DOURADOS-16F84A\PRATICA-3-LED-DOURADOS.X\PRATICA-3-LED-DOURADOS.asm
                DESLIGADA   0x000066    program     static C:\Users\ozias\OneDrive\Documentos\Microcontroladores e Sistemas Embarcados - 2024S1\ATIVIDADES EM SALA - PR햀ICA\PRATICA-3-LED-DOURADOS-16F84A\PRATICA-3-LED-DOURADOS.X\PRATICA-3-LED-DOURADOS.asm
                   INICIO   0x000003    program     static C:\Users\ozias\OneDrive\Documentos\Microcontroladores e Sistemas Embarcados - 2024S1\ATIVIDADES EM SALA - PR햀ICA\PRATICA-3-LED-DOURADOS-16F84A\PRATICA-3-LED-DOURADOS.X\PRATICA-3-LED-DOURADOS.asm
                     MAIN   0x00000a    program     static C:\Users\ozias\OneDrive\Documentos\Microcontroladores e Sistemas Embarcados - 2024S1\ATIVIDADES EM SALA - PR햀ICA\PRATICA-3-LED-DOURADOS-16F84A\PRATICA-3-LED-DOURADOS.X\PRATICA-3-LED-DOURADOS.asm



                              Symbols - Sorted by Address
                     Name    Address   Location    Storage File                     
                ---------  ---------  ---------  --------- ---------                
                   INICIO   0x000003    program     static C:\Users\ozias\OneDrive\Documentos\Microcontroladores e Sistemas Embarcados - 2024S1\ATIVIDADES EM SALA - PR햀ICA\PRATICA-3-LED-DOURADOS-16F84A\PRATICA-3-LED-DOURADOS.X\PRATICA-3-LED-DOURADOS.asm
                     MAIN   0x00000a    program     static C:\Users\ozias\OneDrive\Documentos\Microcontroladores e Sistemas Embarcados - 2024S1\ATIVIDADES EM SALA - PR햀ICA\PRATICA-3-LED-DOURADOS-16F84A\PRATICA-3-LED-DOURADOS.X\PRATICA-3-LED-DOURADOS.asm
                DESLIGADA   0x000066    program     static C:\Users\ozias\OneDrive\Documentos\Microcontroladores e Sistemas Embarcados - 2024S1\ATIVIDADES EM SALA - PR햀ICA\PRATICA-3-LED-DOURADOS-16F84A\PRATICA-3-LED-DOURADOS.X\PRATICA-3-LED-DOURADOS.asm
                   ATRASO   0x00006b    program     static C:\Users\ozias\OneDrive\Documentos\Microcontroladores e Sistemas Embarcados - 2024S1\ATIVIDADES EM SALA - PR햀ICA\PRATICA-3-LED-DOURADOS-16F84A\PRATICA-3-LED-DOURADOS.X\PRATICA-3-LED-DOURADOS.asm
                   DELAY0   0x00006c    program     static C:\Users\ozias\OneDrive\Documentos\Microcontroladores e Sistemas Embarcados - 2024S1\ATIVIDADES EM SALA - PR햀ICA\PRATICA-3-LED-DOURADOS-16F84A\PRATICA-3-LED-DOURADOS.X\PRATICA-3-LED-DOURADOS.asm
                   DELAY1   0x00006e    program     static C:\Users\ozias\OneDrive\Documentos\Microcontroladores e Sistemas Embarcados - 2024S1\ATIVIDADES EM SALA - PR햀ICA\PRATICA-3-LED-DOURADOS-16F84A\PRATICA-3-LED-DOURADOS.X\PRATICA-3-LED-DOURADOS.asm
                   DELAY2   0x000070    program     static C:\Users\ozias\OneDrive\Documentos\Microcontroladores e Sistemas Embarcados - 2024S1\ATIVIDADES EM SALA - PR햀ICA\PRATICA-3-LED-DOURADOS-16F84A\PRATICA-3-LED-DOURADOS.X\PRATICA-3-LED-DOURADOS.asm


